16:18:12 **** Incremental Build of configuration Debug for project FreeRTOS_ModBus ****
make -j4 all 
Building file: ../src/main.c
Invoking: MCU GCC Compiler
D:\GIT\GitHub\STM32_RTOS_ModBus\FreeRTOS_ModBus\Debug
arm-none-eabi-gcc -mcpu=cortex-m3 -mthumb -mfloat-abi=soft -DSTM32 -DSTM32F1 -DSTM32F103C8Tx -DDEBUG -DSTM32F10X_MD -DUSE_STDPERIPH_DRIVER -I"D:/GIT/GitHub/STM32_RTOS_ModBus/FreeRTOS_ModBus/StdPeriph_Driver/inc" -I"D:/GIT/GitHub/STM32_RTOS_ModBus/FreeRTOS_ModBus/FreeRTOS/include" -I"D:/GIT/GitHub/STM32_RTOS_ModBus/FreeRTOS_ModBus/FreeRTOS" -I"D:/GIT/GitHub/STM32_RTOS_ModBus/FreeRTOS_ModBus/inc" -I"D:/GIT/GitHub/STM32_RTOS_ModBus/FreeRTOS_ModBus/CMSIS/device" -I"D:/GIT/GitHub/STM32_RTOS_ModBus/FreeRTOS_ModBus/CMSIS/core" -O0 -g3 -Wall -fmessage-length=0 -ffunction-sections -c -MMD -MP -MF"src/main.d" -MT"src/main.o" -o "src/main.o" "../src/main.c"
../src/main.c: In function 'vI2C1':
../src/main.c:176:15: warning: unused variable 'Receive_I2C1_in_str' [-Wunused-variable]
  i2c1_in_str  Receive_I2C1_in_str;
               ^~~~~~~~~~~~~~~~~~~
../src/main.c: In function 'vModBus_slave':
../src/main.c:335:22: warning: pointer targets in passing argument 1 of 'CRC16' differ in signedness [-Wpointer-sign]
     crc_calc = CRC16(Receive_Modbus_in_str.array_modbas_in, (Receive_Modbus_in_str.count_modbas_in-2));  // считаем CRC принятого пакета
                      ^~~~~~~~~~~~~~~~~~~~~
In file included from ../src/main.c:7:0:
D:/GIT/GitHub/STM32_RTOS_ModBus/FreeRTOS_ModBus/inc/main.h:5:17: note: expected 'int *' but argument is of type 'unsigned int *'
  unsigned short CRC16(int *puchMsg,  /* Сообщение       */
                 ^~~~~
../src/main.c:420:28: warning: pointer targets in passing argument 1 of 'CRC16' differ in signedness [-Wpointer-sign]
           crc_calc = CRC16(Sender_Modbus_out_str.array_modbas_out, 6);    // считаем CRC отправляемого пакета, 3 точно известных байта и байты считанные , зависит от кол-ва в переменной
                            ^~~~~~~~~~~~~~~~~~~~~
In file included from ../src/main.c:7:0:
D:/GIT/GitHub/STM32_RTOS_ModBus/FreeRTOS_ModBus/inc/main.h:5:17: note: expected 'int *' but argument is of type 'unsigned int *'
  unsigned short CRC16(int *puchMsg,  /* Сообщение       */
                 ^~~~~
../src/main.c:481:27: warning: pointer targets in passing argument 1 of 'CRC16' differ in signedness [-Wpointer-sign]
          crc_calc = CRC16(Sender_Modbus_out_str.array_modbas_out, (quantity_byte + 3));  // считаем CRC отправляемого пакета, 3 точно известных байта и байты считанные , зависит от колва в переменной
                           ^~~~~~~~~~~~~~~~~~~~~
In file included from ../src/main.c:7:0:
D:/GIT/GitHub/STM32_RTOS_ModBus/FreeRTOS_ModBus/inc/main.h:5:17: note: expected 'int *' but argument is of type 'unsigned int *'
  unsigned short CRC16(int *puchMsg,  /* Сообщение       */
                 ^~~~~
Finished building: ../src/main.c
 
Building target: FreeRTOS_ModBus.elf
Invoking: MCU GCC Linker
arm-none-eabi-gcc -mcpu=cortex-m3 -mthumb -mfloat-abi=soft -T"D:/GIT/GitHub/STM32_RTOS_ModBus/FreeRTOS_ModBus/LinkerScript.ld" -Wl,-Map=output.map -Wl,--gc-sections -o "FreeRTOS_ModBus.elf" @"objects.list"   -lm
Finished building target: FreeRTOS_ModBus.elf
 
make --no-print-directory post-build
Generating binary and Printing size information:
arm-none-eabi-objcopy -O binary "FreeRTOS_ModBus.elf" "FreeRTOS_ModBus.bin"
arm-none-eabi-size "FreeRTOS_ModBus.elf"
   text	   data	    bss	    dec	    hex	filename
  11728	   1088	  19324	  32140	   7d8c	FreeRTOS_ModBus.elf
 

16:18:14 Build Finished (took 1s.961ms)

